total=1335 done=0 todo=1335
batch 1 attempt 1 FAILED: Extra data: line 2 column 1 (char 129)
batch 1/45 ok (30), total done=30
batch 2/45 ok (30), total done=60
batch 3/45 ok (30), total done=90
batch 4/45 ok (30), total done=120
batch 5/45 ok (30), total done=150
batch 6 attempt 1 FAILED: Extra data: line 2 column 1 (char 118)
batch 6/45 ok (30), total done=180
batch 7/45 ok (30), total done=210
batch 8/45 ok (30), total done=240
batch 9 attempt 1 FAILED: Extra data: line 2 column 1 (char 66)
batch 9/45 ok (30), total done=270
batch 10/45 ok (30), total done=300
batch 11/45 ok (30), total done=330
batch 12/45 ok (30), total done=360
batch 13/45 ok (30), total done=390
batch 14 attempt 1 FAILED: Extra data: line 2 column 1 (char 65)
batch 14 attempt 2 FAILED: Extra data: line 2 column 1 (char 60)
batch 14/45 ok (30), total done=420
batch 15/45 ok (30), total done=450
batch 16 attempt 1 FAILED: Extra data: line 2 column 1 (char 58)
batch 16/45 ok (30), total done=480
batch 17/45 ok (30), total done=510
batch 18/45 ok (30), total done=540
batch 19/45 ok (30), total done=570
batch 20/45 ok (30), total done=600
batch 21/45 ok (30), total done=630
batch 22/45 ok (30), total done=660
batch 23/45 ok (30), total done=690
batch 24/45 ok (30), total done=720
batch 25/45 ok (30), total done=750
batch 26 attempt 1 FAILED: Extra data: line 1 column 40 (char 39)
batch 26/45 ok (30), total done=780
batch 27/45 ok (30), total done=810
batch 28/45 ok (30), total done=840
batch 29/45 ok (30), total done=870
batch 30 attempt 1 FAILED: Extra data: line 1 column 56 (char 55)
batch 30 attempt 2 FAILED: Extra data: line 1 column 56 (char 55)
batch 30 attempt 3 FAILED: Extra data: line 1 column 56 (char 55)
batch 30 PERMANENTLY FAILED
batch 31/45 ok (30), total done=900
batch 32/45 ok (30), total done=930
batch 33/45 ok (30), total done=960
batch 34/45 ok (30), total done=990
batch 35 attempt 1 FAILED: Extra data: line 1 column 48 (char 47)
batch 35 attempt 2 FAILED: Extra data: line 1 column 48 (char 47)
batch 35 attempt 3 FAILED: Extra data: line 1 column 48 (char 47)
batch 35 PERMANENTLY FAILED
batch 36 attempt 1 FAILED: Extra data: line 2 column 1 (char 87)
batch 36 attempt 2 FAILED: Extra data: line 1 column 87 (char 86)
batch 36 attempt 3 FAILED: Extra data: line 2 column 1 (char 87)
batch 36 PERMANENTLY FAILED
batch 37/45 ok (30), total done=1020
batch 38/45 ok (30), total done=1050
batch 39/45 ok (30), total done=1080
batch 40/45 ok (30), total done=1110
batch 41 attempt 1 FAILED: Extra data: line 1 column 199 (char 198)
batch 41/45 ok (30), total done=1140
batch 42/45 ok (30), total done=1170
batch 43/45 ok (30), total done=1200
batch 44/45 ok (30), total done=1230
batch 45 attempt 1 FAILED: Extra data: line 2 column 1 (char 41)
batch 45/45 ok (15), total done=1245
DONE. covered=1245/1335 missing=90
